
> rishav-chanda-portfolio@0.1.0 build
> react-scripts build

Creating an optimized production build...
node.exe : Browserslist: caniuse-lite is outdated. Please run:
At line:1 char:1
+ & "C:\Program Files\nodejs/node.exe" "C:\Users\ranga\AppData\Roaming\ ...
+ ~~~~~~~~~~~~~~~~~~~~~~~~~~~~~~~~~~~~~~~~~~~~~~~~~~~~~~~~~~~~~~~~~~~~~
    + CategoryInfo          : NotSpecified: (Browserslist: c...ed. Please run::String) [], RemoteException
    + FullyQualifiedErrorId : NativeCommandError
 
  npx browserslist@latest --update-db
  Why you should do it regularly: https://github.com/browserslist/browserslist#browsers-data-updating
Browserslist: caniuse-lite is outdated. Please run:
  npx browserslist@latest --update-db
  Why you should do it regularly: https://github.com/browserslist/browserslist#browsers-data-updating

Treating warnings as errors because process.env.CI = true.
Most CI servers set it automatically.

Failed to compile.

src\App.js
  Line 2:20:   'useEffect' is defined but never used             no-unused-vars
  Line 8:8:    'About' is defined but never used                 no-unused-vars
  Line 29:20:  'setDarkMode' is assigned a value but never used  no-unused-vars

src\components\HeroSection\HeroStyle.js
  Line 2:8:  '_default' is defined but never used  no-unused-vars

src\components\HeroSection\index.js
  Line 3:129:  'SocialMediaIcons' is defined but never used  no-unused-vars
  Line 3:146:  'SocialMediaIcon' is defined but never used   no-unused-vars

src\components\Navbar\NavbarStyledComponent.js
  Line 3:8:  '_default' is defined but never used  no-unused-vars

src\components\Navbar\index.js
  Line 2:121:  'MobileNavLogo' is defined but never used                                                                                                                                                                                                                                                                                                                                 no-unused-vars
  Line 6:10:   'Close' is defined but never used                                                                                                                                                                                                                                                                                                                                         no-unused-vars
  Line 6:17:   'CloseRounded' is defined but never used                                                                                                                                                                                                                                                                                                                                  no-unused-vars
  Line 16:11:  The href attribute is required for an anchor to be keyboard accessible. Provide a valid, navigable address as the href value. If you cannot provide an href, but still need the element to resemble a link, use a button and change it with appropriate styles. Learn more: https://github.com/jsx-eslint/eslint-plugin-jsx-a11y/blob/HEAD/docs/rules/anchor-is-valid.md  jsx-a11y/anchor-is-valid

src\components\Projects\ProjectsStyle.js
  Line 2:8:  '_default' is defined but never used  no-unused-vars

src\components\Projects\index.js
  Line 2:10:  'useState' is defined but never used  no-unused-vars

src\themes\default.js
  Line 1:1:  Assign object to a variable before exporting as module default  import/no-anonymous-default-export


